
import { omit } from "solid-js";
import { DataStack$1__get_data } from "./A-ThisArgTransformsTypes.fs.jsx";

export function PartasTable(props) {
    const PARTAS_OTHERS = omit(props, "dataStack");
    const this$_1 = {};
    Object.defineProperty(this$_1, "data", {
        get: () => DataStack$1__get_data(props.dataStack),
    });
    return <div />;
}

