export function Bock() {
    const tog = {
        testAttr: "chok",
        testBok: "bok",
        testGrok: "test",
    };
    const bop = {
        testAttr: "tes",
    };
    const chog = {
        otherAttr: "sdf",
        testGrok: "dfs",
    };
    return {
        otherAttr: "sdf",
        testGrok: "dfs",
    };
}