import { For, createSignal, splitProps } from "solid-js";
import { split } from "../../fable_modules/fable-library-js.5.0.0-alpha.13/String.js";

export function WordRotate(props) {
    const [PARTAS_LOCAL, PARTAS_OTHERS] = splitProps(props, ["duration", "words"]);
    const patternInput = createSignal(0);
    const transition = {
        delay: PARTAS_LOCAL.duration * patternInput[0](),
    };
    return <For each={split(PARTAS_LOCAL.words, [" "], undefined, 0)} />;
}

