import { splitProps, mergeProps } from "solid-js";
import { FakeImportedTag } from "fakeLibrary";
import { ModuleTag } from "./TagsAsValuesSimpleTypes.fs.jsx";

export function CustomTag(props) {
    props = mergeProps({
        icon: button,
    }, props);
    const [PARTAS_LOCAL, PARTAS_OTHERS] = splitProps(props, ["icon"]);
    return <div>
        <PARTAS_LOCAL.icon class="KeyVal" />
        <PARTAS_LOCAL.icon class="KeyVal2" />
        <PARTAS_LOCAL.icon class="constructor">
            <button>
                internal
            </button>
        </PARTAS_LOCAL.icon>
    </div>;
}

export function Rock() {
    const Comp = FakeImportedTag;
    return <CustomTag icon={a}>
        <Comp other={ModuleTag} />
    </CustomTag>;
}
