import { splitProps } from "solid-js";
export function MyTag(props) {
    const [PARTAS_LOCAL, PARTAS_OTHERS] = splitProps(props, []);
    return <div />;
}
export function TagWithProp(props) {
    const [PARTAS_LOCAL, PARTAS_OTHERS] = splitProps(props, []);
    return <div class="SomeClass" />;
}
export function TagWithProps(props) {
    const [PARTAS_LOCAL, PARTAS_OTHERS] = splitProps(props, []);
    return <div class="SomeClass"
        draggable="drag" />;
}
