import { splitProps } from "solid-js";

export function Select(props) {
    const [PARTAS_LOCAL, PARTAS_OTHERS] = splitProps(props, []);
    const patternInput = splitProps(props, ["name", "placeholder", "required", "disabled"], ["placeholder", "ref", "onInput", "onChange", "onBlur"]);
    return <div {...patternInput[0]} bool:n$={false}>
        <select {...patternInput[1]} bool:n$={false} />
    </div>;
}

