import { splitProps } from "solid-js";

export function TestStringInterpolation(props) {
    const [PARTAS_LOCAL, PARTAS_OTHERS] = splitProps(props, ["index"]);
    return <div style={{
            paddingLeft: `${PARTAS_LOCAL.index}px`,
        }}>
        <div style={{
                paddingLeft: `${PARTAS_LOCAL.index}px`,
            }}>
            <div style={{
                    paddingLeft: `${~~(PARTAS_LOCAL.index / 2)}px`,
                }} />
        </div>
    </div>;
}
