import { splitProps } from "solid-js";

export function SplitProps(props) {
    const [PARTAS_LOCAL, PARTAS_OTHERS] = splitProps(props, ["class", "draggable"]);
    return <div class={PARTAS_LOCAL.class}>
        <button draggable={PARTAS_LOCAL.draggable} />
    </div>;
}

export function NestedSplitProps(props) {
    const [PARTAS_LOCAL, PARTAS_OTHERS] = splitProps(props, ["class"]);
    return <div>
        <button class={PARTAS_LOCAL.class} />
        <div>
            <button onClick={(_arg) => {
                    console.log(PARTAS_LOCAL.class);
                }} />
        </div>
        text
    </div>;
}

