import { splitProps } from "solid-js";
import { DataStack$1__get_data } from "./ThisArgTransformsTypes.fs.jsx";

export function PartasTable(props) {
    const [PARTAS_LOCAL, PARTAS_OTHERS] = splitProps(props, ["dataStack"]);
    let options;
    const this$_1 = {};
    Object.defineProperty(this$_1, "data", {
        get: () => DataStack$1__get_data(PARTAS_LOCAL.dataStack),
    });
    options = this$_1;
    return <div />;
}
